[debug] [2026-07-22T23:34:09.998Z] ----------------------------------------------------------------------
[debug] [2026-07-22T23:34:10.000Z] Command:       /Users/jeanfils/.nvm/versions/node/v24.17.0/bin/node /Users/jeanfils/.nvm/versions/node/v24.17.0/bin/firebase deploy --only hosting
[debug] [2026-07-22T23:34:10.000Z] CLI Version:   15.22.1
[debug] [2026-07-22T23:34:10.000Z] Platform:      darwin
[debug] [2026-07-22T23:34:10.000Z] Node Version:  v24.17.0
[debug] [2026-07-22T23:34:10.000Z] Detected Agent: antigravity
[debug] [2026-07-22T23:34:10.000Z] Time:          Wed Jul 22 2026 19:34:10 GMT-0400 (Eastern Daylight Time)
[debug] [2026-07-22T23:34:10.000Z] ----------------------------------------------------------------------
[debug] 
[debug] [2026-07-22T23:34:10.001Z] >>> [apiv2][query] GET https://firebase-public.firebaseio.com/cli.json [none]
[debug] [2026-07-22T23:34:10.798Z] > command requires scopes: ["email","openid","https://www.googleapis.com/auth/cloudplatformprojects.readonly","https://www.googleapis.com/auth/firebase","https://www.googleapis.com/auth/cloud-platform"]
[debug] [2026-07-22T23:34:10.799Z] > authorizing via signed-in user (digitalvurv@gmail.com)
[debug] [2026-07-22T23:34:10.799Z] [iam] checking project taxagentai062026 for permissions ["firebase.projects.get","firebasehosting.sites.update"]
[debug] [2026-07-22T23:34:10.799Z] Checked if tokens are valid: false, expires at: 1784136641314
[debug] [2026-07-22T23:34:10.799Z] Checked if tokens are valid: false, expires at: 1784136641314
[debug] [2026-07-22T23:34:10.799Z] > refreshing access token with scopes: []
[debug] [2026-07-22T23:34:10.799Z] >>> [apiv2][query] POST https://www.googleapis.com/oauth2/v3/token [none]
[debug] [2026-07-22T23:34:10.799Z] >>> [apiv2][body] POST https://www.googleapis.com/oauth2/v3/token [omitted]
[error] Authentication Error: Your credentials are no longer valid. Please run firebase login --reauth

For CI servers and headless environments, generate a new token with firebase login:ci
[debug] [2026-07-22T23:34:10.886Z] [iam] error while checking permissions, command may fail: Authentication Error: Your credentials are no longer valid. Please run firebase login --reauth

For CI servers and headless environments, generate a new token with firebase login:ci
[debug] [2026-07-22T23:34:10.886Z] Checked if tokens are valid: false, expires at: 1784136641314
[debug] [2026-07-22T23:34:10.886Z] Checked if tokens are valid: false, expires at: 1784136641314
[debug] [2026-07-22T23:34:10.886Z] > refreshing access token with scopes: []
[debug] [2026-07-22T23:34:10.886Z] >>> [apiv2][query] POST https://www.googleapis.com/oauth2/v3/token [none]
[debug] [2026-07-22T23:34:10.886Z] >>> [apiv2][body] POST https://www.googleapis.com/oauth2/v3/token [omitted]
[error] Authentication Error: Your credentials are no longer valid. Please run firebase login --reauth

For CI servers and headless environments, generate a new token with firebase login:ci
[debug] [2026-07-22T23:34:10.944Z] Authentication Error: Your credentials are no longer valid. Please run firebase login --reauth

For CI servers and headless environments, generate a new token with firebase login:ci
[debug] [2026-07-22T23:34:10.953Z] <<< [apiv2][status] GET https://firebase-public.firebaseio.com/cli.json 200
[debug] [2026-07-22T23:34:10.953Z] <<< [apiv2][body] GET https://firebase-public.firebaseio.com/cli.json {"cloudBuildErrorAfter":1594252800000,"cloudBuildWarnAfter":1590019200000,"defaultNode10After":1594252800000,"minVersion":"3.0.5","node8DeploysDisabledAfter":1613390400000,"node8RuntimeDisabledAfter":1615809600000,"node8WarnAfter":1600128000000}
[error] 
[error] Error: Assertion failed: resolving hosting target of a site with no site name or target name. This should have caused an error earlier
